
> temp-app@0.1.0 build
> next build

  Ôû▓ Next.js 15.0.0
  - Environments: .env.local

   Creating an optimized production build ...
node.exe : Failed to compile.
At line:1 char:1
+ & "C:\Program Files\nodejs/node.exe" "C:\Program Files\nodejs/node_mo ...
+ ~~~~~~~~~~~~~~~~~~~~~~~~~~~~~~~~~~~~~~~~~~~~~~~~~~~~~~~~~~~~~~~~~~~~~
    + CategoryInfo          : NotSpecified: (Failed to compile.:String) [], RemoteException
    + FullyQualifiedErrorId : NativeCommandError
 

./src/app/globals.css.webpack[javascript/auto]!=!./node_modules/next/dist/build/webpack/loaders/css-loader/src/index.js
??ruleSet[1].rules[13].oneOf[10].use[2]!./node_modules/next/dist/build/webpack/loaders/postcss-loader/src/index.js??rul
eSet[1].rules[13].oneOf[10].use[3]!./src/app/globals.css
Error: Cannot find module 'tailwindcss-animate'
Require stack:
- C:\Users\Sultan\Documents\TRW\GitHub (sultan.isaac26@gmail.com)\Pesanaja.Lab-Prototype\tailwind.config.ts
    at Module.<anonymous> (node:internal/modules/cjs/loader:1476:15)
    at C:\Users\Sultan\Documents\TRW\GitHub 
(sultan.isaac26@gmail.com)\Pesanaja.Lab-Prototype\node_modules\next\dist\server\require-hook.js:55:36
    at wrapResolveFilename (node:internal/modules/cjs/loader:1049:27)
    at resolveForCJSWithHooks (node:internal/modules/cjs/loader:1094:12)
    at require.resolve (node:internal/modules/helpers:171:31)
    at _resolve (C:\Users\Sultan\Documents\TRW\GitHub 
(sultan.isaac26@gmail.com)\Pesanaja.Lab-Prototype\node_modules\jiti\dist\jiti.js:1:246378)
    at jiti (C:\Users\Sultan\Documents\TRW\GitHub 
(sultan.isaac26@gmail.com)\Pesanaja.Lab-Prototype\node_modules\jiti\dist\jiti.js:1:249092)
    at C:\Users\Sultan\Documents\TRW\GitHub (sultan.isaac26@gmail.com)\Pesanaja.Lab-Prototype\tailwind.config.ts:70:13
    at evalModule (C:\Users\Sultan\Documents\TRW\GitHub 
(sultan.isaac26@gmail.com)\Pesanaja.Lab-Prototype\node_modules\jiti\dist\jiti.js:1:251913)
    at jiti (C:\Users\Sultan\Documents\TRW\GitHub 
(sultan.isaac26@gmail.com)\Pesanaja.Lab-Prototype\node_modules\jiti\dist\jiti.js:1:249841)

Import trace for requested module:
./src/app/globals.css.webpack[javascript/auto]!=!./node_modules/next/dist/build/webpack/loaders/css-loader/src/index.js
??ruleSet[1].rules[13].oneOf[10].use[2]!./node_modules/next/dist/build/webpack/loaders/postcss-loader/src/index.js??rul
eSet[1].rules[13].oneOf[10].use[3]!./src/app/globals.css
./src/app/globals.css

./src/app/globals.css
Error: Cannot find module 'tailwindcss-animate'
Require stack:
- C:\Users\Sultan\Documents\TRW\GitHub (sultan.isaac26@gmail.com)\Pesanaja.Lab-Prototype\tailwind.config.ts
    at Module.<anonymous> (node:internal/modules/cjs/loader:1476:15)
    at C:\Users\Sultan\Documents\TRW\GitHub 
(sultan.isaac26@gmail.com)\Pesanaja.Lab-Prototype\node_modules\next\dist\server\require-hook.js:55:36
    at wrapResolveFilename (node:internal/modules/cjs/loader:1049:27)
    at resolveForCJSWithHooks (node:internal/modules/cjs/loader:1094:12)
    at require.resolve (node:internal/modules/helpers:171:31)
    at _resolve (C:\Users\Sultan\Documents\TRW\GitHub 
(sultan.isaac26@gmail.com)\Pesanaja.Lab-Prototype\node_modules\jiti\dist\jiti.js:1:246378)
    at jiti (C:\Users\Sultan\Documents\TRW\GitHub 
(sultan.isaac26@gmail.com)\Pesanaja.Lab-Prototype\node_modules\jiti\dist\jiti.js:1:249092)
    at C:\Users\Sultan\Documents\TRW\GitHub (sultan.isaac26@gmail.com)\Pesanaja.Lab-Prototype\tailwind.config.ts:70:13
    at evalModule (C:\Users\Sultan\Documents\TRW\GitHub 
(sultan.isaac26@gmail.com)\Pesanaja.Lab-Prototype\node_modules\jiti\dist\jiti.js:1:251913)
    at jiti (C:\Users\Sultan\Documents\TRW\GitHub 
(sultan.isaac26@gmail.com)\Pesanaja.Lab-Prototype\node_modules\jiti\dist\jiti.js:1:249841)
    at tryRunOrWebpackError (C:\Users\Sultan\Documents\TRW\GitHub 
(sultan.isaac26@gmail.com)\Pesanaja.Lab-Prototype\node_modules\next\dist\compiled\webpack\bundle5.js:28:313010)
    at __webpack_require_module__ (C:\Users\Sultan\Documents\TRW\GitHub 
(sultan.isaac26@gmail.com)\Pesanaja.Lab-Prototype\node_modules\next\dist\compiled\webpack\bundle5.js:28:131165)
    at __nested_webpack_require_153728__ (C:\Users\Sultan\Documents\TRW\GitHub 
(sultan.isaac26@gmail.com)\Pesanaja.Lab-Prototype\node_modules\next\dist\compiled\webpack\bundle5.js:28:130607)
    at C:\Users\Sultan\Documents\TRW\GitHub 
(sultan.isaac26@gmail.com)\Pesanaja.Lab-Prototype\node_modules\next\dist\compiled\webpack\bundle5.js:28:131454
    at symbolIterator (C:\Users\Sultan\Documents\TRW\GitHub 
(sultan.isaac26@gmail.com)\Pesanaja.Lab-Prototype\node_modules\next\dist\compiled\neo-async\async.js:1:14444)
    at done (C:\Users\Sultan\Documents\TRW\GitHub 
(sultan.isaac26@gmail.com)\Pesanaja.Lab-Prototype\node_modules\next\dist\compiled\neo-async\async.js:1:14824)
    at Hook.eval [as callAsync] (eval at create (C:\Users\Sultan\Documents\TRW\GitHub 
(sultan.isaac26@gmail.com)\Pesanaja.Lab-Prototype\node_modules\next\dist\compiled\webpack\bundle5.js:13:28858), 
<anonymous>:15:1)
    at Hook.CALL_ASYNC_DELEGATE [as _callAsync] (C:\Users\Sultan\Documents\TRW\GitHub 
(sultan.isaac26@gmail.com)\Pesanaja.Lab-Prototype\node_modules\next\dist\compiled\webpack\bundle5.js:13:26012)
    at C:\Users\Sultan\Documents\TRW\GitHub 
(sultan.isaac26@gmail.com)\Pesanaja.Lab-Prototype\node_modules\next\dist\compiled\webpack\bundle5.js:28:130328
    at symbolIterator (C:\Users\Sultan\Documents\TRW\GitHub 
(sultan.isaac26@gmail.com)\Pesanaja.Lab-Prototype\node_modules\next\dist\compiled\neo-async\async.js:1:14402)
-- inner error --
Error: Cannot find module 'tailwindcss-animate'
Require stack:
- C:\Users\Sultan\Documents\TRW\GitHub (sultan.isaac26@gmail.com)\Pesanaja.Lab-Prototype\tailwind.config.ts
    at Module.<anonymous> (node:internal/modules/cjs/loader:1476:15)
    at C:\Users\Sultan\Documents\TRW\GitHub 
(sultan.isaac26@gmail.com)\Pesanaja.Lab-Prototype\node_modules\next\dist\server\require-hook.js:55:36
    at wrapResolveFilename (node:internal/modules/cjs/loader:1049:27)
    at resolveForCJSWithHooks (node:internal/modules/cjs/loader:1094:12)
    at require.resolve (node:internal/modules/helpers:171:31)
    at _resolve (C:\Users\Sultan\Documents\TRW\GitHub 
(sultan.isaac26@gmail.com)\Pesanaja.Lab-Prototype\node_modules\jiti\dist\jiti.js:1:246378)
    at jiti (C:\Users\Sultan\Documents\TRW\GitHub 
(sultan.isaac26@gmail.com)\Pesanaja.Lab-Prototype\node_modules\jiti\dist\jiti.js:1:249092)
    at C:\Users\Sultan\Documents\TRW\GitHub (sultan.isaac26@gmail.com)\Pesanaja.Lab-Prototype\tailwind.config.ts:70:13
    at evalModule (C:\Users\Sultan\Documents\TRW\GitHub 
(sultan.isaac26@gmail.com)\Pesanaja.Lab-Prototype\node_modules\jiti\dist\jiti.js:1:251913)
    at jiti (C:\Users\Sultan\Documents\TRW\GitHub 
(sultan.isaac26@gmail.com)\Pesanaja.Lab-Prototype\node_modules\jiti\dist\jiti.js:1:249841)
    at Object.<anonymous> (C:\Users\Sultan\Documents\TRW\GitHub (sultan.isaac26@gmail.com)\Pesanaja.Lab-Prototype\node_
modules\next\dist\build\webpack\loaders\css-loader\src\index.js??ruleSet[1].rules[13].oneOf[10].use[2]!C:\Users\Sultan\
Documents\TRW\GitHub (sultan.isaac26@gmail.com)\Pesanaja.Lab-Prototype\node_modules\next\dist\build\webpack\loaders\pos
tcss-loader\src\index.js??ruleSet[1].rules[13].oneOf[10].use[3]!C:\Users\Sultan\Documents\TRW\GitHub 
(sultan.isaac26@gmail.com)\Pesanaja.Lab-Prototype\src\app\globals.css:1:7)
    at C:\Users\Sultan\Documents\TRW\GitHub 
(sultan.isaac26@gmail.com)\Pesanaja.Lab-Prototype\node_modules\next\dist\compiled\webpack\bundle5.js:28:922602
    at Hook.eval [as call] (eval at create (C:\Users\Sultan\Documents\TRW\GitHub 
(sultan.isaac26@gmail.com)\Pesanaja.Lab-Prototype\node_modules\next\dist\compiled\webpack\bundle5.js:13:28636), 
<anonymous>:7:1)
    at Hook.CALL_DELEGATE [as _call] (C:\Users\Sultan\Documents\TRW\GitHub 
(sultan.isaac26@gmail.com)\Pesanaja.Lab-Prototype\node_modules\next\dist\compiled\webpack\bundle5.js:13:25906)
    at C:\Users\Sultan\Documents\TRW\GitHub 
(sultan.isaac26@gmail.com)\Pesanaja.Lab-Prototype\node_modules\next\dist\compiled\webpack\bundle5.js:28:131198
    at tryRunOrWebpackError (C:\Users\Sultan\Documents\TRW\GitHub 
(sultan.isaac26@gmail.com)\Pesanaja.Lab-Prototype\node_modules\next\dist\compiled\webpack\bundle5.js:28:312964)
    at __webpack_require_module__ (C:\Users\Sultan\Documents\TRW\GitHub 
(sultan.isaac26@gmail.com)\Pesanaja.Lab-Prototype\node_modules\next\dist\compiled\webpack\bundle5.js:28:131165)
    at __nested_webpack_require_153728__ (C:\Users\Sultan\Documents\TRW\GitHub 
(sultan.isaac26@gmail.com)\Pesanaja.Lab-Prototype\node_modules\next\dist\compiled\webpack\bundle5.js:28:130607)
    at C:\Users\Sultan\Documents\TRW\GitHub 
(sultan.isaac26@gmail.com)\Pesanaja.Lab-Prototype\node_modules\next\dist\compiled\webpack\bundle5.js:28:131454
    at symbolIterator (C:\Users\Sultan\Documents\TRW\GitHub 
(sultan.isaac26@gmail.com)\Pesanaja.Lab-Prototype\node_modules\next\dist\compiled\neo-async\async.js:1:14444)

Generated code for C:\Users\Sultan\Documents\TRW\GitHub (sultan.isaac26@gmail.com)\Pesanaja.Lab-Prototype\node_modules\
next\dist\build\webpack\loaders\css-loader\src\index.js??ruleSet[1].rules[13].oneOf[10].use[2]!C:\Users\Sultan\Document
s\TRW\GitHub (sultan.isaac26@gmail.com)\Pesanaja.Lab-Prototype\node_modules\next\dist\build\webpack\loaders\postcss-loa
der\src\index.js??ruleSet[1].rules[13].oneOf[10].use[3]!C:\Users\Sultan\Documents\TRW\GitHub 
(sultan.isaac26@gmail.com)\Pesanaja.Lab-Prototype\src\app\globals.css

Import trace for requested module:
./src/app/globals.css


> Build failed because of webpack errors
